------------------------------------------------------------
Timing Analyzer Summary
------------------------------------------------------------

Type  : Slow 1100mV 85C Model Setup 'clk'
Slack : -0.368
TNS   : -1.748

Type  : Slow 1100mV 85C Model Hold 'clk'
Slack : 0.298
TNS   : 0.000

Type  : Slow 1100mV 85C Model Minimum Pulse Width 'clk'
Slack : -0.724
TNS   : -5.542

Type  : Slow 1100mV 0C Model Setup 'clk'
Slack : -0.444
TNS   : -1.977

Type  : Slow 1100mV 0C Model Hold 'clk'
Slack : 0.282
TNS   : 0.000

Type  : Slow 1100mV 0C Model Minimum Pulse Width 'clk'
Slack : -0.724
TNS   : -5.560

Type  : Fast 1100mV 85C Model Setup 'clk'
Slack : 0.369
TNS   : 0.000

Type  : Fast 1100mV 85C Model Hold 'clk'
Slack : 0.131
TNS   : 0.000

Type  : Fast 1100mV 85C Model Minimum Pulse Width 'clk'
Slack : -0.085
TNS   : -0.422

Type  : Fast 1100mV 0C Model Setup 'clk'
Slack : 0.415
TNS   : 0.000

Type  : Fast 1100mV 0C Model Hold 'clk'
Slack : 0.118
TNS   : 0.000

Type  : Fast 1100mV 0C Model Minimum Pulse Width 'clk'
Slack : -0.085
TNS   : -0.419

------------------------------------------------------------
