------------------------------------------------------------
Timing Analyzer Summary
------------------------------------------------------------

Type  : Slow 1100mV 85C Model Setup 'clk'
Slack : -0.458
TNS   : -1.994

Type  : Slow 1100mV 85C Model Hold 'clk'
Slack : 0.306
TNS   : 0.000

Type  : Slow 1100mV 85C Model Minimum Pulse Width 'clk'
Slack : -0.724
TNS   : -5.529

Type  : Slow 1100mV 0C Model Setup 'clk'
Slack : -0.516
TNS   : -2.209

Type  : Slow 1100mV 0C Model Hold 'clk'
Slack : 0.292
TNS   : 0.000

Type  : Slow 1100mV 0C Model Minimum Pulse Width 'clk'
Slack : -0.724
TNS   : -5.624

Type  : Fast 1100mV 85C Model Setup 'clk'
Slack : 0.347
TNS   : 0.000

Type  : Fast 1100mV 85C Model Hold 'clk'
Slack : 0.138
TNS   : 0.000

Type  : Fast 1100mV 85C Model Minimum Pulse Width 'clk'
Slack : -0.083
TNS   : -0.414

Type  : Fast 1100mV 0C Model Setup 'clk'
Slack : 0.400
TNS   : 0.000

Type  : Fast 1100mV 0C Model Hold 'clk'
Slack : 0.124
TNS   : 0.000

Type  : Fast 1100mV 0C Model Minimum Pulse Width 'clk'
Slack : -0.083
TNS   : -0.413

------------------------------------------------------------
