------------------------------------------------------------
Timing Analyzer Summary
------------------------------------------------------------

Type  : Slow 1100mV 85C Model Setup 'clk'
Slack : -0.509
TNS   : -2.723

Type  : Slow 1100mV 85C Model Hold 'clk'
Slack : 0.306
TNS   : 0.000

Type  : Slow 1100mV 85C Model Minimum Pulse Width 'clk'
Slack : -0.724
TNS   : -7.772

Type  : Slow 1100mV 0C Model Setup 'clk'
Slack : -0.565
TNS   : -2.989

Type  : Slow 1100mV 0C Model Hold 'clk'
Slack : 0.289
TNS   : 0.000

Type  : Slow 1100mV 0C Model Minimum Pulse Width 'clk'
Slack : -0.724
TNS   : -7.857

Type  : Fast 1100mV 85C Model Setup 'clk'
Slack : 0.342
TNS   : 0.000

Type  : Fast 1100mV 85C Model Hold 'clk'
Slack : 0.136
TNS   : 0.000

Type  : Fast 1100mV 85C Model Minimum Pulse Width 'clk'
Slack : -0.086
TNS   : -0.595

Type  : Fast 1100mV 0C Model Setup 'clk'
Slack : 0.391
TNS   : 0.000

Type  : Fast 1100mV 0C Model Hold 'clk'
Slack : 0.123
TNS   : 0.000

Type  : Fast 1100mV 0C Model Minimum Pulse Width 'clk'
Slack : -0.083
TNS   : -0.579

------------------------------------------------------------
